co/santiago/exceptions/ItemNotFoundException.class
co/santiago/repositories/ItemRepositories.class
co/santiago/dto/ItemsDTO.class
co/santiago/Main.class
co/santiago/models/LineItem.class
co/santiago/controllers/ItemController.class
co/santiago/enums/PaymentMethod.class
co/santiago/controllers/InvoiceController.class
co/santiago/dto/PaymentRequestDTO.class
co/santiago/repositories/PaymentRepository.class
co/santiago/enums/AuditAction.class
co/santiago/services/S3bucketService.class
co/santiago/dto/CreateInvoiceDTO.class
co/santiago/dto/ItemRequestDTO.class
co/santiago/config/S3ServiceConfiguration.class
co/santiago/services/AuditService.class
co/santiago/exceptions/ItemInactiveException.class
co/santiago/controllers/PaymentController.class
co/santiago/dto/InvoiceItemDTO.class
co/santiago/exceptions/InvoiceAlreadyPaidException.class
co/santiago/exceptions/InvoiceNotFoundException.class
co/santiago/exceptions/GlobalExceptionHandler.class
co/santiago/dto/InvoiceItemRequestDTO.class
co/santiago/services/ItemServiceImpl.class
co/santiago/models/AuditLog.class
co/santiago/repositories/InvoiceRepository.class
co/santiago/services/InvoiceServiceImpl.class
co/santiago/services/PingService.class
co/santiago/repositories/AuditLogRepository.class
co/santiago/enums/InvoiceStatus.class
co/santiago/models/Payment.class
co/santiago/services/PaymentServiceImpl.class
co/santiago/services/InvoiceService.class
co/santiago/models/Invoice.class
co/santiago/dto/InvoiceDTO.class
co/santiago/models/Item.class
co/santiago/controllers/PingController.class
co/santiago/exceptions/PaymentNotFoundException.class
co/santiago/services/PaymentService.class
co/santiago/config/AppConfig.class
co/santiago/services/ItemService.class
co/santiago/exceptions/ItemNotModifiedException.class
co/santiago/services/AuditServiceImpl.class
co/santiago/dto/PaymentDTO.class
co/santiago/config/DataInitializer.class
