/Users/smj/Downloads/Crud_java_santiago-master 2/src/main/java/co/santiago/Main.java
/Users/smj/Downloads/Crud_java_santiago-master 2/src/main/java/co/santiago/config/AppConfig.java
/Users/smj/Downloads/Crud_java_santiago-master 2/src/main/java/co/santiago/config/DataInitializer.java
/Users/smj/Downloads/Crud_java_santiago-master 2/src/main/java/co/santiago/config/S3ServiceConfiguration.java
/Users/smj/Downloads/Crud_java_santiago-master 2/src/main/java/co/santiago/controllers/InvoiceController.java
/Users/smj/Downloads/Crud_java_santiago-master 2/src/main/java/co/santiago/controllers/ItemController.java
/Users/smj/Downloads/Crud_java_santiago-master 2/src/main/java/co/santiago/controllers/PaymentController.java
/Users/smj/Downloads/Crud_java_santiago-master 2/src/main/java/co/santiago/controllers/PingController.java
/Users/smj/Downloads/Crud_java_santiago-master 2/src/main/java/co/santiago/dto/CreateInvoiceDTO.java
/Users/smj/Downloads/Crud_java_santiago-master 2/src/main/java/co/santiago/dto/InvoiceDTO.java
/Users/smj/Downloads/Crud_java_santiago-master 2/src/main/java/co/santiago/dto/InvoiceItemDTO.java
/Users/smj/Downloads/Crud_java_santiago-master 2/src/main/java/co/santiago/dto/InvoiceItemRequestDTO.java
/Users/smj/Downloads/Crud_java_santiago-master 2/src/main/java/co/santiago/dto/ItemRequestDTO.java
/Users/smj/Downloads/Crud_java_santiago-master 2/src/main/java/co/santiago/dto/ItemsDTO.java
/Users/smj/Downloads/Crud_java_santiago-master 2/src/main/java/co/santiago/dto/PaymentDTO.java
/Users/smj/Downloads/Crud_java_santiago-master 2/src/main/java/co/santiago/dto/PaymentRequestDTO.java
/Users/smj/Downloads/Crud_java_santiago-master 2/src/main/java/co/santiago/enums/AuditAction.java
/Users/smj/Downloads/Crud_java_santiago-master 2/src/main/java/co/santiago/enums/InvoiceStatus.java
/Users/smj/Downloads/Crud_java_santiago-master 2/src/main/java/co/santiago/enums/PaymentMethod.java
/Users/smj/Downloads/Crud_java_santiago-master 2/src/main/java/co/santiago/exceptions/GlobalExceptionHandler.java
/Users/smj/Downloads/Crud_java_santiago-master 2/src/main/java/co/santiago/exceptions/InvoiceAlreadyPaidException.java
/Users/smj/Downloads/Crud_java_santiago-master 2/src/main/java/co/santiago/exceptions/InvoiceNotFoundException.java
/Users/smj/Downloads/Crud_java_santiago-master 2/src/main/java/co/santiago/exceptions/ItemInactiveException.java
/Users/smj/Downloads/Crud_java_santiago-master 2/src/main/java/co/santiago/exceptions/ItemNotFoundException.java
/Users/smj/Downloads/Crud_java_santiago-master 2/src/main/java/co/santiago/exceptions/ItemNotModifiedException.java
/Users/smj/Downloads/Crud_java_santiago-master 2/src/main/java/co/santiago/exceptions/PaymentNotFoundException.java
/Users/smj/Downloads/Crud_java_santiago-master 2/src/main/java/co/santiago/models/AuditLog.java
/Users/smj/Downloads/Crud_java_santiago-master 2/src/main/java/co/santiago/models/Invoice.java
/Users/smj/Downloads/Crud_java_santiago-master 2/src/main/java/co/santiago/models/Item.java
/Users/smj/Downloads/Crud_java_santiago-master 2/src/main/java/co/santiago/models/LineItem.java
/Users/smj/Downloads/Crud_java_santiago-master 2/src/main/java/co/santiago/models/Payment.java
/Users/smj/Downloads/Crud_java_santiago-master 2/src/main/java/co/santiago/repositories/AuditLogRepository.java
/Users/smj/Downloads/Crud_java_santiago-master 2/src/main/java/co/santiago/repositories/InvoiceRepository.java
/Users/smj/Downloads/Crud_java_santiago-master 2/src/main/java/co/santiago/repositories/ItemRepositories.java
/Users/smj/Downloads/Crud_java_santiago-master 2/src/main/java/co/santiago/repositories/PaymentRepository.java
/Users/smj/Downloads/Crud_java_santiago-master 2/src/main/java/co/santiago/services/AuditService.java
/Users/smj/Downloads/Crud_java_santiago-master 2/src/main/java/co/santiago/services/AuditServiceImpl.java
/Users/smj/Downloads/Crud_java_santiago-master 2/src/main/java/co/santiago/services/InvoiceService.java
/Users/smj/Downloads/Crud_java_santiago-master 2/src/main/java/co/santiago/services/InvoiceServiceImpl.java
/Users/smj/Downloads/Crud_java_santiago-master 2/src/main/java/co/santiago/services/ItemService.java
/Users/smj/Downloads/Crud_java_santiago-master 2/src/main/java/co/santiago/services/ItemServiceImpl.java
/Users/smj/Downloads/Crud_java_santiago-master 2/src/main/java/co/santiago/services/PaymentService.java
/Users/smj/Downloads/Crud_java_santiago-master 2/src/main/java/co/santiago/services/PaymentServiceImpl.java
/Users/smj/Downloads/Crud_java_santiago-master 2/src/main/java/co/santiago/services/PingService.java
/Users/smj/Downloads/Crud_java_santiago-master 2/src/main/java/co/santiago/services/S3bucketService.java
